/home/gutowski/Sync/kolejka/kolejka-judge/judges/generic/tests/1.out